All 10 strategies have been audited. Here's the summary:

**8 PASS (no changes):**
- `gemini31pro_vwap_mean_reversion_v11` — SIGNALS=12564,11939
- `gemini31pro_vwap_mean_reversion_v12` — SIGNALS=20420,20004
- `gemini31pro_vwap_mean_reversion_v13` — SIGNALS=21220,20086
- `gemini31pro_vwap_mean_reversion_v14` — SIGNALS=2867,3188
- `gemini31pro_vwap_mean_reversion_v18` — SIGNALS=5213,5613
- `gemini31pro_vwap_mean_reversion_v19` — SIGNALS=12374,12115
- `gemini31pro_vwap_mean_reversion_v3` — SIGNALS=7341,6749
- `gemini31pro_vwap_mean_reversion_v5` — SIGNALS=8670,8920

**2 FIXED (1 issue each):**
- `index_momentum_v1` — Missing session time filter; entries were firing outside `session_start`/`session_end`. Added `time_ok` mask.
- `ma_crossover_momentum_v1` — Same issue: EMA crossover entries firing in pre-market and after-hours bars. Added session time filter.

AUDIT_RESULT: gemini31pro_vwap_mean_reversion_v11 STATUS=PASS SIGNALS=12564,11939 ISSUES=0
AUDIT_RESULT: gemini31pro_vwap_mean_reversion_v12 STATUS=PASS SIGNALS=20420,20004 ISSUES=0
AUDIT_RESULT: gemini31pro_vwap_mean_reversion_v13 STATUS=PASS SIGNALS=21220,20086 ISSUES=0
AUDIT_RESULT: gemini31pro_vwap_mean_reversion_v14 STATUS=PASS SIGNALS=2867,3188 ISSUES=0
AUDIT_RESULT: gemini31pro_vwap_mean_reversion_v18 STATUS=PASS SIGNALS=5213,5613 ISSUES=0
AUDIT_RESULT: gemini31pro_vwap_mean_reversion_v19 STATUS=PASS SIGNALS=12374,12115 ISSUES=0
AUDIT_RESULT: gemini31pro_vwap_mean_reversion_v3 STATUS=PASS SIGNALS=7341,6749 ISSUES=0
AUDIT_RESULT: gemini31pro_vwap_mean_reversion_v5 STATUS=PASS SIGNALS=8670,8920 ISSUES=0
AUDIT_RESULT: index_momentum_v1 STATUS=FIXED SIGNALS=3664,4074 ISSUES=1
AUDIT_RESULT: ma_crossover_momentum_v1 STATUS=FIXED SIGNALS=20972,20009 ISSUES=1
