2026-03-22 00:12:29 [INFO] ======================================================================
2026-03-22 00:12:29 [INFO] 5-Second Option Trading Pipeline — NESTED LOO-CV (ProcessPool)
2026-03-22 00:12:29 [INFO] ======================================================================
2026-03-22 00:12:29 [INFO] Phase 1: Data discovery and integration test
2026-03-22 00:12:29 [INFO] Phase 1 complete — spot=True, option=True
2026-03-22 00:12:29 [INFO] Integration test passed: first bar hour = 9 (IST)
2026-03-22 00:12:29 [INFO] Integration test passed: first bar time_minutes = 555
2026-03-22 00:12:29 [INFO] Loading all 5-second data...
2026-03-22 00:12:29 [INFO] Spot data trimmed: dropped 59 days without option coverage (71 → 12 trading days)
2026-03-22 00:12:29 [INFO] Spot data trimmed: dropped 55 days without option coverage (67 → 12 trading days)
2026-03-22 00:12:29 [INFO] Spot data trimmed: dropped 55 days without option coverage (67 → 12 trading days)
2026-03-22 00:12:29 [INFO] Data loaded: 12 trading days
2026-03-22 00:12:29 [INFO] Phase 2: Loading qualified strategies
2026-03-22 00:12:29 [INFO] Qualified strategies: 291
2026-03-22 00:12:29 [INFO] Warming up Numba JIT compiler...
2026-03-22 00:12:29 [INFO] Numba warmup complete
2026-03-22 00:12:29 [INFO] RESUME: 32 strategies already completed in checkpoint, skipping them
2026-03-22 00:12:29 [INFO] Processing 259 strategies with 9 worker PROCESSES (32 already in checkpoint)
2026-03-22 00:12:29 [INFO] Spawning 9 worker processes (each loads ~50MB data + Numba warmup)...
2026-03-22 00:12:31 [INFO] Spot data trimmed: dropped 59 days without option coverage (71 → 12 trading days)
2026-03-22 00:12:31 [INFO] Spot data trimmed: dropped 59 days without option coverage (71 → 12 trading days)
2026-03-22 00:12:31 [INFO] Spot data trimmed: dropped 55 days without option coverage (67 → 12 trading days)
2026-03-22 00:12:31 [INFO] Spot data trimmed: dropped 59 days without option coverage (71 → 12 trading days)
2026-03-22 00:12:31 [INFO] Spot data trimmed: dropped 59 days without option coverage (71 → 12 trading days)
2026-03-22 00:12:31 [INFO] Spot data trimmed: dropped 55 days without option coverage (67 → 12 trading days)
2026-03-22 00:12:31 [INFO] Spot data trimmed: dropped 55 days without option coverage (67 → 12 trading days)
2026-03-22 00:12:31 [INFO] Spot data trimmed: dropped 55 days without option coverage (67 → 12 trading days)
2026-03-22 00:12:31 [INFO] Spot data trimmed: dropped 55 days without option coverage (67 → 12 trading days)
2026-03-22 00:12:31 [INFO] Spot data trimmed: dropped 55 days without option coverage (67 → 12 trading days)
2026-03-22 00:12:31 [INFO] Spot data trimmed: dropped 59 days without option coverage (71 → 12 trading days)
2026-03-22 00:12:31 [INFO] Spot data trimmed: dropped 55 days without option coverage (67 → 12 trading days)
2026-03-22 00:12:31 [INFO] Spot data trimmed: dropped 55 days without option coverage (67 → 12 trading days)
2026-03-22 00:12:31 [INFO] Spot data trimmed: dropped 55 days without option coverage (67 → 12 trading days)
2026-03-22 00:12:31 [INFO] Spot data trimmed: dropped 55 days without option coverage (67 → 12 trading days)
2026-03-22 00:12:32 [INFO] Spot data trimmed: dropped 59 days without option coverage (71 → 12 trading days)
2026-03-22 00:12:32 [INFO] Spot data trimmed: dropped 55 days without option coverage (67 → 12 trading days)
2026-03-22 00:12:32 [INFO] Spot data trimmed: dropped 55 days without option coverage (67 → 12 trading days)
2026-03-22 00:12:32 [INFO] Spot data trimmed: dropped 59 days without option coverage (71 → 12 trading days)
2026-03-22 00:12:32 [INFO] Spot data trimmed: dropped 59 days without option coverage (71 → 12 trading days)
2026-03-22 00:12:32 [INFO] Spot data trimmed: dropped 59 days without option coverage (71 → 12 trading days)
2026-03-22 00:12:32 [INFO] Spot data trimmed: dropped 55 days without option coverage (67 → 12 trading days)
2026-03-22 00:12:32 [INFO] Spot data trimmed: dropped 55 days without option coverage (67 → 12 trading days)
2026-03-22 00:12:32 [INFO] Spot data trimmed: dropped 55 days without option coverage (67 → 12 trading days)
2026-03-22 00:12:32 [INFO] Spot data trimmed: dropped 55 days without option coverage (67 → 12 trading days)
2026-03-22 00:12:32 [INFO] Spot data trimmed: dropped 55 days without option coverage (67 → 12 trading days)
2026-03-22 00:12:32 [INFO] Spot data trimmed: dropped 55 days without option coverage (67 → 12 trading days)
/Users/minalgoel/Coding_Projects/engineered_alpha_trading_strategies/pipeline/strategies/vwap_cross_momentum_v1.py:118: RuntimeWarning: divide by zero encountered in divide
  volume_surge = np.where(vol_sma > 0, volume / vol_sma, 1.0)
/Users/minalgoel/Coding_Projects/engineered_alpha_trading_strategies/pipeline/strategies/vwap_band_squeeze_v1.py:135: RuntimeWarning: divide by zero encountered in divide
  vol_ratio = np.where(vol_sma > 0.0, volume / vol_sma, 0.0)
2026-03-22 00:12:33 [INFO] Saved run a90b2e02-c3a8-4b0a-b512-9738a63ae897 for strategy inside_bar_breakout_v177 (113 trades)
2026-03-22 00:12:33 [INFO] Saved run aac8ba84-a576-487e-b7cb-48d68460f69e for strategy open_high_low_v1 (79 trades)
2026-03-22 00:12:33 [INFO] Saved run f1d3372d-3d59-42b7-bdd9-281f09e14242 for strategy macd_trend_continuation_v71 (73 trades)
2026-03-22 00:12:33 [INFO] Saved run 86cf836c-5955-424b-b50b-0e939cf9f07c for strategy vix_filtered_index_trend_v124 (52 trades)
2026-03-22 00:12:33 [INFO] Saved run 227c6b64-102c-456e-a444-4235faa12465 for strategy vix_filtered_index_trend_v126 (66 trades)
2026-03-22 00:12:33 [INFO] Saved run 0652f35e-cb5a-4558-a126-7cc1defb8802 for strategy vwap_cross_momentum_v1 (23 trades)
/Users/minalgoel/Coding_Projects/engineered_alpha_trading_strategies/pipeline/strategies/vwap_cross_momentum_v1.py:118: RuntimeWarning: divide by zero encountered in divide
  volume_surge = np.where(vol_sma > 0, volume / vol_sma, 1.0)
2026-03-22 00:12:34 [INFO] Saved run 9947925d-7597-44b3-9455-aa963692ef43 for strategy vwap_zscore_bounce_v1 (72 trades)
2026-03-22 00:12:34 [INFO] Saved run f0d708c2-5053-452f-a1c5-8c8ac0210509 for strategy vwap_band_squeeze_v1 (66 trades)
2026-03-22 00:12:34 [INFO] Saved run b9cd1e56-2fe5-497d-9dd3-0f498659edfc for strategy vwap_mean_reversion_v19 (96 trades)
/Users/minalgoel/Coding_Projects/engineered_alpha_trading_strategies/pipeline/strategies/vwap_band_squeeze_v1.py:135: RuntimeWarning: divide by zero encountered in divide
  vol_ratio = np.where(vol_sma > 0.0, volume / vol_sma, 0.0)
2026-03-22 00:12:35 [INFO] Saved run d86e0169-8595-4e24-b7db-f4ec223cc931 for strategy vix_filtered_index_trend_v124 (8 trades)
2026-03-22 00:12:36 [INFO] Saved run bd643e37-9dd4-40f2-a2f5-62bb67f973ac for strategy vwap_cross_momentum_v1 (1 trades)
/Users/minalgoel/Coding_Projects/engineered_alpha_trading_strategies/pipeline/strategies/vwap_cross_momentum_v1.py:118: RuntimeWarning: divide by zero encountered in divide
  volume_surge = np.where(vol_sma > 0, volume / vol_sma, 1.0)
2026-03-22 00:12:38 [INFO] Saved run 1f411e09-a8a6-4980-8d61-a2314a6610e3 for strategy vwap_cross_momentum_v1 (3 trades)
/Users/minalgoel/Coding_Projects/engineered_alpha_trading_strategies/pipeline/strategies/vwap_cross_momentum_v1.py:118: RuntimeWarning: divide by zero encountered in divide
  volume_surge = np.where(vol_sma > 0, volume / vol_sma, 1.0)
2026-03-22 00:12:40 [INFO] Saved run b4e575e5-77d3-47f8-992f-55ba4d0da54d for strategy vwap_cross_momentum_v1 (1 trades)
/Users/minalgoel/Coding_Projects/engineered_alpha_trading_strategies/pipeline/strategies/vwap_cross_momentum_v1.py:118: RuntimeWarning: divide by zero encountered in divide
  volume_surge = np.where(vol_sma > 0, volume / vol_sma, 1.0)
2026-03-22 00:12:43 [INFO] Saved run 852faecf-e329-4da2-b4c5-ceff3138e839 for strategy vwap_cross_momentum_v1 (3 trades)
/Users/minalgoel/Coding_Projects/engineered_alpha_trading_strategies/pipeline/strategies/vwap_cross_momentum_v1.py:118: RuntimeWarning: divide by zero encountered in divide
  volume_surge = np.where(vol_sma > 0, volume / vol_sma, 1.0)
2026-03-22 00:12:45 [INFO] Saved run d17d81d6-562c-4071-8a5b-05a7b9346ff9 for strategy vwap_cross_momentum_v1 (2 trades)
/Users/minalgoel/Coding_Projects/engineered_alpha_trading_strategies/pipeline/strategies/vwap_cross_momentum_v1.py:118: RuntimeWarning: divide by zero encountered in divide
  volume_surge = np.where(vol_sma > 0, volume / vol_sma, 1.0)
2026-03-22 00:12:50 [INFO] Saved run 06c92d81-a5a8-43df-9f26-23321c9dd624 for strategy vwap_cross_momentum_v1 (1 trades)
/Users/minalgoel/Coding_Projects/engineered_alpha_trading_strategies/pipeline/strategies/vwap_cross_momentum_v1.py:118: RuntimeWarning: divide by zero encountered in divide
  volume_surge = np.where(vol_sma > 0, volume / vol_sma, 1.0)
2026-03-22 00:12:52 [INFO] Saved run 5067ff32-ac9b-4b5d-ae8f-c743901115fa for strategy vwap_cross_momentum_v1 (1 trades)
/Users/minalgoel/Coding_Projects/engineered_alpha_trading_strategies/pipeline/strategies/vwap_cross_momentum_v1.py:118: RuntimeWarning: divide by zero encountered in divide
  volume_surge = np.where(vol_sma > 0, volume / vol_sma, 1.0)
2026-03-22 00:12:55 [INFO] Saved run 863c2c59-4199-4079-800b-333050b8f3d5 for strategy vwap_cross_momentum_v1 (8 trades)
/Users/minalgoel/Coding_Projects/engineered_alpha_trading_strategies/pipeline/strategies/vwap_cross_momentum_v1.py:118: RuntimeWarning: divide by zero encountered in divide
  volume_surge = np.where(vol_sma > 0, volume / vol_sma, 1.0)
2026-03-22 00:12:57 [INFO] Saved run 32262144-e657-482b-bf01-cd3a6c5ceade for strategy vwap_cross_momentum_v1 (2 trades)
/Users/minalgoel/Coding_Projects/engineered_alpha_trading_strategies/pipeline/strategies/vwap_cross_momentum_v1.py:118: RuntimeWarning: divide by zero encountered in divide
  volume_surge = np.where(vol_sma > 0, volume / vol_sma, 1.0)
2026-03-22 00:13:01 [INFO] Saved run fd0cb27f-a88d-4adc-8e5e-4aea3ed416df for strategy vwap_cross_momentum_v1 (1 trades)
2026-03-22 00:13:01 [INFO]   [vwap_cross_momentum_v1] Nested CV: 7/12 profitable, passed=False, 0 total Optuna trials
/Users/minalgoel/Coding_Projects/engineered_alpha_trading_strategies/pipeline/strategies/vwap_cross_momentum_v1.py:118: RuntimeWarning: divide by zero encountered in divide
  volume_surge = np.where(vol_sma > 0, volume / vol_sma, 1.0)
2026-03-22 00:13:10 [INFO] Saved run 17b8490f-b5b9-46f7-acf9-4bd16a2d3073 for strategy vwap_cross_momentum_v1 (21 trades)
/Users/minalgoel/Coding_Projects/engineered_alpha_trading_strategies/pipeline/strategies/vwap_cross_momentum_v1.py:118: RuntimeWarning: divide by zero encountered in divide
  volume_surge = np.where(vol_sma > 0, volume / vol_sma, 1.0)
2026-03-22 00:13:11 [INFO] Saved run 2ae6e598-dd74-4c48-8dc8-5af17afed33b for strategy vwap_cross_momentum_v1 (24 trades)
/Users/minalgoel/Coding_Projects/engineered_alpha_trading_strategies/pipeline/strategies/vwap_cross_momentum_v1.py:118: RuntimeWarning: divide by zero encountered in divide
  volume_surge = np.where(vol_sma > 0, volume / vol_sma, 1.0)
2026-03-22 00:13:11 [INFO] Saved run ba6dff88-7476-4418-8daa-a7f5962ab2f5 for strategy vwap_cross_momentum_v1 (19 trades)
/Users/minalgoel/Coding_Projects/engineered_alpha_trading_strategies/pipeline/strategies/vwap_cross_momentum_v1.py:118: RuntimeWarning: divide by zero encountered in divide
  volume_surge = np.where(vol_sma > 0, volume / vol_sma, 1.0)
2026-03-22 00:13:11 [INFO] Saved run 9fa804b7-4cf9-4551-8955-efb4d188eeed for strategy vwap_cross_momentum_v1 (26 trades)
/Users/minalgoel/Coding_Projects/engineered_alpha_trading_strategies/pipeline/strategies/vwap_cross_momentum_v1.py:118: RuntimeWarning: divide by zero encountered in divide
  volume_surge = np.where(vol_sma > 0, volume / vol_sma, 1.0)
2026-03-22 00:13:11 [INFO] Saved run 79dd4ca1-1757-405d-a47a-37287b587dfb for strategy vwap_cross_momentum_v1 (19 trades)
/Users/minalgoel/Coding_Projects/engineered_alpha_trading_strategies/pipeline/strategies/vwap_cross_momentum_v1.py:118: RuntimeWarning: divide by zero encountered in divide
  volume_surge = np.where(vol_sma > 0, volume / vol_sma, 1.0)
2026-03-22 00:13:12 [INFO] Saved run 5710f859-4115-4ae7-8824-f8fa47f5b20f for strategy vwap_cross_momentum_v1 (23 trades)
2026-03-22 00:13:12 [INFO] [33/291] vwap_cross_momentum_v1 — NESTED_CV_PIPELINE_OK | sr=6.35 cv=False sens=ROBUST saved=17 (40s)
2026-03-22 00:13:14 [INFO] Saved run 84aa74ef-8efc-4146-b611-2fb1a9613cbe for strategy vwap_slope_trend_v1 (64 trades)
2026-03-22 00:13:21 [INFO] Saved run 90638d67-61f3-4ca9-9533-3bd2f039fe0f for strategy inside_bar_breakout_v177 (1 trades)
2026-03-22 00:13:22 [INFO] Saved run 204dd70b-efc1-4d4f-97bd-2db510d49bf4 for strategy open_high_low_v1 (10 trades)
2026-03-22 00:13:24 [INFO] Saved run 8a6603be-113b-4875-a0ca-6b668843d30e for strategy macd_trend_continuation_v71 (7 trades)
2026-03-22 00:13:26 [INFO] Saved run 086caef8-8982-4fd7-bbd3-1160ab9c9b23 for strategy vix_filtered_index_trend_v124 (8 trades)
2026-03-22 00:13:30 [INFO] Saved run 615a5c54-be83-4b99-9119-0621f29d9f59 for strategy vix_filtered_index_trend_v126 (6 trades)
2026-03-22 00:13:51 [INFO] Saved run 9fb2d1dc-f753-4b5e-b2be-c10ac0081cc5 for strategy vwap_zscore_bounce_v1 (6 trades)
2026-03-22 00:14:14 [INFO] Saved run 6f2ced30-125a-46fd-8793-9eeffdf6c372 for strategy vwap_band_squeeze_v1 (6 trades)
/Users/minalgoel/Coding_Projects/engineered_alpha_trading_strategies/pipeline/strategies/vwap_band_squeeze_v1.py:135: RuntimeWarning: divide by zero encountered in divide
  vol_ratio = np.where(vol_sma > 0.0, volume / vol_sma, 0.0)
2026-03-22 00:14:23 [INFO] Saved run 01592797-0e06-43bc-b22e-01bca284317b for strategy vwap_mean_reversion_v19 (8 trades)
2026-03-22 00:14:56 [INFO] Saved run ae6bc513-2a49-4034-9f1b-0645a73f09c8 for strategy inside_bar_breakout_v177 (4 trades)
2026-03-22 00:15:00 [INFO] Saved run 919dc0fe-0046-4be0-a9ed-95ff2826b3a0 for strategy open_high_low_v1 (10 trades)
2026-03-22 00:15:09 [INFO] Saved run 5be50324-e492-4ca0-bcd7-806a29afdec1 for strategy macd_trend_continuation_v71 (8 trades)
2026-03-22 00:15:12 [INFO] Saved run dc60218c-8f08-4f04-b04b-72ab4c0be004 for strategy vix_filtered_index_trend_v124 (8 trades)
2026-03-22 00:15:17 [INFO] Saved run 33844e63-c914-4f69-8e4d-0123207efbb5 for strategy vix_filtered_index_trend_v124 (8 trades)
2026-03-22 00:15:22 [INFO] Saved run 8ae8df0a-1816-4721-90ee-4994cd3758bb for strategy vwap_slope_trend_v1 (6 trades)
2026-03-22 00:15:30 [INFO] Saved run 8a018b14-5342-4aaf-ab84-70da7b5b5584 for strategy vix_filtered_index_trend_v126 (6 trades)
2026-03-22 00:15:58 [INFO] Saved run cc523092-b35b-4ace-8759-25af621e9ee8 for strategy vwap_zscore_bounce_v1 (6 trades)
2026-03-22 00:16:21 [INFO] Saved run 64dc76fa-7fdc-45d4-97f3-1a6bf5ead4b2 for strategy vwap_band_squeeze_v1 (6 trades)
/Users/minalgoel/Coding_Projects/engineered_alpha_trading_strategies/pipeline/strategies/vwap_band_squeeze_v1.py:135: RuntimeWarning: divide by zero encountered in divide
  vol_ratio = np.where(vol_sma > 0.0, volume / vol_sma, 0.0)
2026-03-22 00:16:33 [INFO] Saved run d7e296e4-f1cc-4ebc-af33-2a455bb6cf0a for strategy vwap_mean_reversion_v19 (8 trades)
2026-03-22 00:16:55 [INFO] Saved run 411ea9bc-34dc-493f-8c35-40428ec3e275 for strategy inside_bar_breakout_v177 (2 trades)
2026-03-22 00:16:59 [INFO] Saved run 69a1362f-c7a0-454c-9d32-2de0c84841b2 for strategy open_high_low_v1 (10 trades)
2026-03-22 00:17:09 [INFO] Saved run af20ee5d-2d50-4bfe-ac63-d768dc705588 for strategy macd_trend_continuation_v71 (5 trades)
2026-03-22 00:17:19 [INFO] Saved run b272e7f6-7e9a-4c87-8378-261ba4519b13 for strategy vix_filtered_index_trend_v124 (8 trades)
2026-03-22 00:17:24 [INFO] Saved run a89324df-d2e5-4c21-904b-eaaeba6a1e01 for strategy vix_filtered_index_trend_v124 (3 trades)
2026-03-22 00:17:29 [INFO] Saved run aba703b9-0b28-4221-b589-6120aeaaf3ab for strategy vix_filtered_index_trend_v124 (8 trades)
2026-03-22 00:17:29 [INFO] Saved run a5d98a25-5210-41bd-8bb8-dee2edff9c0b for strategy vwap_slope_trend_v1 (6 trades)
2026-03-22 00:17:35 [INFO] Saved run 34140acf-f5a1-4817-b7f5-243061ef055e for strategy vix_filtered_index_trend_v124 (8 trades)
2026-03-22 00:17:36 [INFO] Saved run dffa4684-0e70-4fb0-936b-959652bb78ae for strategy vix_filtered_index_trend_v126 (6 trades)
2026-03-22 00:17:40 [INFO] Saved run c18d28fa-16ad-4006-b878-78c4c77510dc for strategy vix_filtered_index_trend_v124 (8 trades)
2026-03-22 00:18:05 [INFO] Saved run 2cfb5e71-f922-429a-ad43-e69d209dc4e4 for strategy vwap_zscore_bounce_v1 (6 trades)
2026-03-22 00:18:29 [INFO] Saved run be5e477c-573c-4c61-b11b-a6f4999a3d0d for strategy vwap_band_squeeze_v1 (6 trades)
/Users/minalgoel/Coding_Projects/engineered_alpha_trading_strategies/pipeline/strategies/vwap_band_squeeze_v1.py:135: RuntimeWarning: divide by zero encountered in divide
  vol_ratio = np.where(vol_sma > 0.0, volume / vol_sma, 0.0)
2026-03-22 00:18:41 [INFO] Saved run eaad296c-9e73-4d3f-88f9-cc6f54caff2b for strategy vwap_mean_reversion_v19 (8 trades)
2026-03-22 00:18:51 [INFO] Saved run 996914ab-d9e2-4948-adf9-631a116142b7 for strategy inside_bar_breakout_v177 (10 trades)
2026-03-22 00:19:09 [INFO] Saved run a3146196-2cf0-41bd-aa76-ed8a24944a7f for strategy macd_trend_continuation_v71 (8 trades)
2026-03-22 00:19:36 [INFO] Saved run 8f43149d-3fc7-4399-9ca4-89c212811f83 for strategy vwap_slope_trend_v1 (6 trades)
2026-03-22 00:19:41 [INFO] Saved run 89348f3e-ef7f-4bef-9423-c40297e80894 for strategy vix_filtered_index_trend_v126 (6 trades)
2026-03-22 00:19:42 [INFO] Saved run 5cc73478-d753-4122-83b0-a895df3991c2 for strategy vix_filtered_index_trend_v124 (8 trades)
2026-03-22 00:20:11 [INFO] Saved run 29dc21e6-065f-4d60-86e3-4ad40439b4ec for strategy vwap_zscore_bounce_v1 (6 trades)
2026-03-22 00:20:49 [INFO] Saved run ed7b09bb-9fdc-4fbd-a43f-21c5a8db0a86 for strategy vwap_mean_reversion_v19 (8 trades)
2026-03-22 00:20:51 [INFO] Saved run 54c00b28-b807-478f-9e6e-627b740c1de0 for strategy inside_bar_breakout_v177 (10 trades)
2026-03-22 00:20:55 [INFO] Saved run e60836df-1608-4317-8e04-a3b6c1170a88 for strategy open_high_low_v1 (10 trades)
2026-03-22 00:21:11 [INFO] Saved run 0898a2e0-6858-478a-8ec0-1a21d1d6c214 for strategy macd_trend_continuation_v71 (4 trades)
2026-03-22 00:21:44 [INFO] Saved run 55cee730-0b29-4ec7-a6ed-636f29d958d3 for strategy vwap_slope_trend_v1 (6 trades)
2026-03-22 00:21:44 [INFO] Saved run a4feae0f-75a5-4fea-ba12-5b7bdb3d0c9b for strategy vix_filtered_index_trend_v124 (1 trades)
2026-03-22 00:21:48 [INFO] Saved run fe2e401a-12c3-400c-a8d6-0561e79f335d for strategy vix_filtered_index_trend_v126 (6 trades)
2026-03-22 00:21:49 [INFO] Saved run 50e0c79e-c420-43fd-8b8d-2357c0dee0a6 for strategy vix_filtered_index_trend_v124 (8 trades)
2026-03-22 00:21:49 [INFO]   [vix_filtered_index_trend_v124] Nested CV: 3/12 profitable, passed=False, 250 total Optuna trials
2026-03-22 00:22:12 [INFO] Saved run 72ea7fe4-149a-4b11-94bc-7c9e8c1a65c0 for strategy vix_filtered_index_trend_v124 (0 trades)
2026-03-22 00:22:12 [INFO] Saved run dfb17b1d-dfb4-4d77-b39e-677be394c47d for strategy vix_filtered_index_trend_v124 (96 trades)
2026-03-22 00:22:13 [INFO] Saved run 4335e1b3-a135-4ad8-844a-fdecd4015b0e for strategy vix_filtered_index_trend_v124 (52 trades)
2026-03-22 00:22:13 [INFO] Saved run 6daf0f2b-86a3-497e-8d07-a0277bbd86d3 for strategy vix_filtered_index_trend_v124 (52 trades)
2026-03-22 00:22:13 [INFO] Saved run da7c7452-be0d-40b8-a9da-50ff285e039e for strategy vix_filtered_index_trend_v124 (52 trades)
2026-03-22 00:22:13 [INFO] Saved run 74033cdf-c126-4155-8389-2118732a928f for strategy vix_filtered_index_trend_v124 (52 trades)
2026-03-22 00:22:13 [INFO] Saved run b136576c-514d-4087-80be-e934e62692da for strategy vix_filtered_index_trend_v124 (52 trades)
2026-03-22 00:22:13 [INFO] Saved run 547c8941-e5f6-4282-82c9-d84bfc117f13 for strategy vix_filtered_index_trend_v124 (52 trades)
/Users/minalgoel/Coding_Projects/engineered_alpha_trading_strategies/pipeline/strategies/vwap_anchored_support_v1.py:147: RuntimeWarning: divide by zero encountered in divide
  vol_ratio = np.where(vol_sma > 0, volume / vol_sma, 1.0)
/Users/minalgoel/Coding_Projects/engineered_alpha_trading_strategies/pipeline/strategies/vwap_anchored_support_v1.py:147: RuntimeWarning: invalid value encountered in divide
  vol_ratio = np.where(vol_sma > 0, volume / vol_sma, 1.0)
2026-03-22 00:22:16 [INFO] Saved run 65dcdf37-0d2b-434d-8498-4d41f962c3e3 for strategy vwap_anchored_support_v1 (6 trades)
/Users/minalgoel/Coding_Projects/engineered_alpha_trading_strategies/pipeline/strategies/vwap_anchored_support_v1.py:147: RuntimeWarning: divide by zero encountered in divide
  vol_ratio = np.where(vol_sma > 0, volume / vol_sma, 1.0)
/Users/minalgoel/Coding_Projects/engineered_alpha_trading_strategies/pipeline/strategies/vwap_anchored_support_v1.py:147: RuntimeWarning: invalid value encountered in divide
  vol_ratio = np.where(vol_sma > 0, volume / vol_sma, 1.0)
2026-03-22 00:22:19 [INFO] Saved run 8d889ed3-4faa-46ed-9f2f-c53d161cfbf7 for strategy vwap_zscore_bounce_v1 (6 trades)
2026-03-22 00:22:33 [INFO] Saved run 4de4ea0d-0bd4-4c95-8f03-576c37693771 for strategy vwap_anchored_support_v1 (4 trades)
/Users/minalgoel/Coding_Projects/engineered_alpha_trading_strategies/pipeline/strategies/vwap_anchored_support_v1.py:147: RuntimeWarning: divide by zero encountered in divide
  vol_ratio = np.where(vol_sma > 0, volume / vol_sma, 1.0)
/Users/minalgoel/Coding_Projects/engineered_alpha_trading_strategies/pipeline/strategies/vwap_anchored_support_v1.py:147: RuntimeWarning: invalid value encountered in divide
  vol_ratio = np.where(vol_sma > 0, volume / vol_sma, 1.0)
2026-03-22 00:22:44 [INFO] Saved run 66946f0a-ada0-4408-9106-0c6ba759b226 for strategy vwap_band_squeeze_v1 (6 trades)
/Users/minalgoel/Coding_Projects/engineered_alpha_trading_strategies/pipeline/strategies/vwap_band_squeeze_v1.py:135: RuntimeWarning: divide by zero encountered in divide
  vol_ratio = np.where(vol_sma > 0.0, volume / vol_sma, 0.0)
2026-03-22 00:22:46 [INFO] Saved run 6696b694-b453-4a8e-a104-210c5cf42d1a for strategy inside_bar_breakout_v177 (1 trades)
2026-03-22 00:22:49 [INFO] Saved run 96621fdf-7b9b-46a0-887a-adc4d4962afb for strategy vwap_anchored_support_v1 (1 trades)
/Users/minalgoel/Coding_Projects/engineered_alpha_trading_strategies/pipeline/strategies/vwap_anchored_support_v1.py:147: RuntimeWarning: divide by zero encountered in divide
  vol_ratio = np.where(vol_sma > 0, volume / vol_sma, 1.0)
/Users/minalgoel/Coding_Projects/engineered_alpha_trading_strategies/pipeline/strategies/vwap_anchored_support_v1.py:147: RuntimeWarning: invalid value encountered in divide
  vol_ratio = np.where(vol_sma > 0, volume / vol_sma, 1.0)
2026-03-22 00:22:52 [INFO] Saved run 0e2762b5-058a-48fa-b0a2-07116329889e for strategy open_high_low_v1 (10 trades)
2026-03-22 00:22:58 [INFO] Saved run df3783a9-cdbd-4ecf-9bae-47cca865e0c8 for strategy vwap_mean_reversion_v19 (8 trades)
2026-03-22 00:23:05 [INFO] Saved run 555ce5dd-7565-482e-a6ea-619d67b6f335 for strategy vwap_anchored_support_v1 (1 trades)
/Users/minalgoel/Coding_Projects/engineered_alpha_trading_strategies/pipeline/strategies/vwap_anchored_support_v1.py:147: RuntimeWarning: divide by zero encountered in divide
  vol_ratio = np.where(vol_sma > 0, volume / vol_sma, 1.0)
/Users/minalgoel/Coding_Projects/engineered_alpha_trading_strategies/pipeline/strategies/vwap_anchored_support_v1.py:147: RuntimeWarning: invalid value encountered in divide
  vol_ratio = np.where(vol_sma > 0, volume / vol_sma, 1.0)
2026-03-22 00:23:09 [INFO] Saved run a1895f0d-5515-465b-8de8-6b5fac95a2ff for strategy macd_trend_continuation_v71 (8 trades)
2026-03-22 00:23:22 [INFO]   [vwap_anchored_support_v1] Nested CV: 3/12 profitable, passed=False, 0 total Optuna trials
2026-03-22 00:23:26 [INFO] Saved run a6d54225-d05e-41c0-b3e2-055d698dd172 for strategy vwap_volume_divergence_v1 (96 trades)
2026-03-22 00:23:53 [INFO] Saved run f2be674e-cac9-44ab-9456-6d351bf21fe3 for strategy vwap_slope_trend_v1 (6 trades)
2026-03-22 00:23:56 [INFO] Saved run 09161de0-9cd6-4d0f-bf43-64070c56d0ac for strategy vix_filtered_index_trend_v126 (6 trades)
2026-03-22 00:24:26 [INFO] Saved run 47e5fd4e-60a4-4af0-806f-ae618e190625 for strategy vwap_zscore_bounce_v1 (6 trades)
2026-03-22 00:24:45 [INFO] Saved run b709d27a-1116-4bbe-a01f-d7d83ef52f71 for strategy inside_bar_breakout_v177 (7 trades)
2026-03-22 00:24:51 [INFO] Saved run d8d845c0-ec3b-44b9-8e3e-c3f26f007318 for strategy open_high_low_v1 (3 trades)
2026-03-22 00:24:51 [INFO] Saved run 567f07ae-44a7-4da8-88e8-116630e67e5f for strategy vwap_band_squeeze_v1 (6 trades)
/Users/minalgoel/Coding_Projects/engineered_alpha_trading_strategies/pipeline/strategies/vwap_band_squeeze_v1.py:135: RuntimeWarning: divide by zero encountered in divide
  vol_ratio = np.where(vol_sma > 0.0, volume / vol_sma, 0.0)
2026-03-22 00:25:05 [INFO] Saved run 3628bef9-e338-4500-b276-23ecb43e397b for strategy vwap_mean_reversion_v19 (8 trades)
2026-03-22 00:25:11 [INFO] Saved run 740a408d-fe15-4d98-9fb4-8deefce1972d for strategy macd_trend_continuation_v71 (8 trades)
2026-03-22 00:25:33 [INFO] Saved run 9afdb765-484c-426f-b012-134a118cbe6c for strategy vwap_volume_divergence_v1 (8 trades)
2026-03-22 00:26:00 [INFO] Saved run a1084363-9d7a-4a5d-87ed-22405342cae5 for strategy vwap_slope_trend_v1 (6 trades)
2026-03-22 00:26:02 [INFO] Saved run f3824612-125d-4b67-b7f0-7d35a7f8317c for strategy vix_filtered_index_trend_v126 (6 trades)
2026-03-22 00:26:34 [INFO] Saved run 842ea2eb-3caf-4237-803e-857d0f39e62f for strategy vwap_zscore_bounce_v1 (6 trades)
2026-03-22 00:26:44 [INFO] Saved run 32026906-93d8-478a-9c69-caf16ead1bc5 for strategy inside_bar_breakout_v177 (4 trades)
2026-03-22 00:26:59 [INFO] Saved run 3db59260-69f4-4f4f-b676-1674763f9027 for strategy vwap_band_squeeze_v1 (6 trades)
/Users/minalgoel/Coding_Projects/engineered_alpha_trading_strategies/pipeline/strategies/vwap_band_squeeze_v1.py:135: RuntimeWarning: divide by zero encountered in divide
  vol_ratio = np.where(vol_sma > 0.0, volume / vol_sma, 0.0)
2026-03-22 00:27:12 [INFO] Saved run 7347e386-5807-4fad-9a98-c6fa34e5e9cf for strategy macd_trend_continuation_v71 (8 trades)
2026-03-22 00:27:14 [INFO] Saved run fb7f6745-8efe-4d96-b393-cdc9f323fe48 for strategy vwap_mean_reversion_v19 (8 trades)
2026-03-22 00:27:41 [INFO] Saved run 662b64f7-6547-4dcc-b672-1997db6b5f8e for strategy vwap_volume_divergence_v1 (8 trades)
2026-03-22 00:28:08 [INFO] Saved run 91d552aa-829c-481b-87ce-ee40e8082a76 for strategy vix_filtered_index_trend_v126 (6 trades)
2026-03-22 00:28:08 [INFO] Saved run e9c2819d-d3d8-4c06-b151-4838c98c9748 for strategy vwap_slope_trend_v1 (6 trades)
2026-03-22 00:28:38 [INFO] Saved run 7dc6bb00-c407-42c5-acd4-e5a2719d95ff for strategy inside_bar_breakout_v177 (10 trades)
2026-03-22 00:28:41 [INFO] Saved run b32250b4-bfe3-48fc-9912-9338f011befe for strategy vwap_zscore_bounce_v1 (6 trades)
2026-03-22 00:29:06 [INFO] Saved run 55c0fa75-151e-4535-a77b-cb9a97a949c2 for strategy vwap_band_squeeze_v1 (6 trades)
/Users/minalgoel/Coding_Projects/engineered_alpha_trading_strategies/pipeline/strategies/vwap_band_squeeze_v1.py:135: RuntimeWarning: divide by zero encountered in divide
  vol_ratio = np.where(vol_sma > 0.0, volume / vol_sma, 0.0)
2026-03-22 00:29:08 [INFO] Saved run d44460a3-2177-4844-be3b-997cc3019967 for strategy macd_trend_continuation_v71 (8 trades)
2026-03-22 00:29:21 [INFO] Saved run 0c8efe35-afb2-4d78-991f-ac82ef5e4a70 for strategy vwap_mean_reversion_v19 (8 trades)
2026-03-22 00:29:50 [INFO] Saved run dd6c505b-dd62-42fc-89d9-a265e8a9d3b3 for strategy vwap_volume_divergence_v1 (8 trades)
2026-03-22 00:30:17 [INFO] Saved run 26190b92-a73b-4919-a863-6ec73a4c66f3 for strategy vwap_slope_trend_v1 (6 trades)
2026-03-22 00:30:34 [INFO] Saved run 045b420a-87f9-43df-b0fd-937f0ddd5c89 for strategy inside_bar_breakout_v177 (4 trades)
2026-03-22 00:30:42 [INFO] Saved run f6e25f4f-ac29-4b59-a97e-4fbdc173c36f for strategy open_high_low_v1 (10 trades)
2026-03-22 00:30:47 [INFO] Saved run 82eb5572-f0a0-4ca7-bb58-f1a9e54434ae for strategy vwap_zscore_bounce_v1 (6 trades)
2026-03-22 00:31:08 [INFO] Saved run c5d3e1da-904a-4b4d-8a9c-2c7a1bf94241 for strategy macd_trend_continuation_v71 (8 trades)
2026-03-22 00:31:13 [INFO] Saved run 49553962-5441-427b-a4f7-576b421c100e for strategy vwap_band_squeeze_v1 (6 trades)
/Users/minalgoel/Coding_Projects/engineered_alpha_trading_strategies/pipeline/strategies/vwap_band_squeeze_v1.py:135: RuntimeWarning: divide by zero encountered in divide
  vol_ratio = np.where(vol_sma > 0.0, volume / vol_sma, 0.0)
2026-03-22 00:31:31 [INFO] Saved run f0b266db-db3a-478b-af97-a48b0e75e56d for strategy vwap_mean_reversion_v19 (8 trades)
2026-03-22 00:31:57 [INFO] Saved run acaa546d-aecf-4566-8715-b1ecd543d06a for strategy vwap_volume_divergence_v1 (8 trades)
2026-03-22 00:32:18 [INFO] Saved run 1e741bb5-2bb8-4a83-aaf1-efca010bc7c7 for strategy vix_filtered_index_trend_v126 (6 trades)
2026-03-22 00:32:25 [INFO] Saved run f4fedb91-97f9-4ead-a34f-3bb4714e738e for strategy vwap_slope_trend_v1 (6 trades)
2026-03-22 00:32:42 [INFO] Saved run eb1c9b21-0ba1-4f03-ba58-cf04d170332b for strategy open_high_low_v1 (10 trades)
2026-03-22 00:32:55 [INFO] Saved run f701dc5a-6d4b-44a3-91fd-d4a2957b4cc2 for strategy vwap_zscore_bounce_v1 (6 trades)
2026-03-22 00:33:10 [INFO] Saved run 880e08c9-bc50-4b71-bf12-39e2440e1712 for strategy macd_trend_continuation_v71 (8 trades)
2026-03-22 00:33:23 [INFO] Saved run 93303ecb-5e80-4c46-8817-d28e81033443 for strategy vwap_band_squeeze_v1 (6 trades)
/Users/minalgoel/Coding_Projects/engineered_alpha_trading_strategies/pipeline/strategies/vwap_band_squeeze_v1.py:135: RuntimeWarning: divide by zero encountered in divide
  vol_ratio = np.where(vol_sma > 0.0, volume / vol_sma, 0.0)
2026-03-22 00:33:41 [INFO] Saved run 1b9646a5-0fe5-4837-9ad5-b3e519537707 for strategy vwap_mean_reversion_v19 (8 trades)
2026-03-22 00:34:05 [INFO] Saved run d0e0cb5b-778c-4cbf-a15e-ecc51e7ab38a for strategy vwap_volume_divergence_v1 (8 trades)
2026-03-22 00:34:25 [INFO] Saved run 115d81a1-ff42-4646-86b1-52d1edf16798 for strategy vix_filtered_index_trend_v126 (6 trades)
2026-03-22 00:34:27 [INFO] Saved run 9bd76c13-9665-4dce-b66c-68f3e63988b4 for strategy inside_bar_breakout_v177 (10 trades)
2026-03-22 00:34:27 [INFO]   [inside_bar_breakout_v177] Nested CV: 3/12 profitable, passed=False, 600 total Optuna trials
2026-03-22 00:34:32 [INFO] Saved run 8b1f0240-ca38-45b3-9817-13013c3fbcf1 for strategy vwap_slope_trend_v1 (6 trades)
2026-03-22 00:34:36 [INFO] Saved run 975113e9-bbbf-43fe-9223-c1504fc2cce5 for strategy open_high_low_v1 (10 trades)
2026-03-22 00:34:36 [INFO]   [open_high_low_v1] Nested CV: 8/12 profitable, passed=False, 600 total Optuna trials
2026-03-22 00:34:45 [INFO] Saved run c9ea4cc0-e40f-481f-bb03-a2955d881d67 for strategy inside_bar_breakout_v177 (32 trades)
2026-03-22 00:34:45 [INFO] Saved run 508a393b-351b-4eeb-976d-e4ef2fc810e3 for strategy inside_bar_breakout_v177 (91 trades)
2026-03-22 00:34:45 [INFO] Saved run bef16a7e-22f4-4f1a-be10-84812f5083e8 for strategy inside_bar_breakout_v177 (56 trades)
2026-03-22 00:34:45 [INFO] Saved run f15b193f-307b-4382-8f71-8e5da1939d5c for strategy inside_bar_breakout_v177 (56 trades)
2026-03-22 00:34:45 [INFO] Saved run eb9f86cc-81d9-4096-87a4-aa2343c82a74 for strategy inside_bar_breakout_v177 (56 trades)
2026-03-22 00:34:45 [INFO] Saved run 7618484f-6360-4b34-82c0-3d4b9721a332 for strategy inside_bar_breakout_v177 (56 trades)
2026-03-22 00:34:48 [INFO] Saved run 98cc55ae-145c-488b-bc23-7bf1ca8ee317 for strategy vwap_rsi_confluence_v1 (41 trades)
2026-03-22 00:34:53 [INFO] Saved run d553e8e0-de24-457b-b039-4eca72aca64c for strategy vwap_rsi_confluence_v1 (6 trades)
2026-03-22 00:34:58 [INFO] Saved run 12229b85-22c2-4a90-a912-0a0d22df2ce7 for strategy vwap_rsi_confluence_v1 (3 trades)
2026-03-22 00:34:58 [INFO] Saved run 573d7c73-63ad-42ab-9869-4e580fedc284 for strategy open_high_low_v1 (71 trades)
2026-03-22 00:34:58 [INFO] Saved run 09e7c60d-5b65-4745-902a-4d240fe793b9 for strategy open_high_low_v1 (73 trades)
2026-03-22 00:34:59 [INFO] Saved run 28805c71-a20f-4c1f-a054-57edd43ea5c4 for strategy open_high_low_v1 (120 trades)
2026-03-22 00:34:59 [INFO] Saved run a6c27fc1-95ef-43b6-8c1d-b0cd3950148f for strategy open_high_low_v1 (0 trades)
2026-03-22 00:34:59 [INFO] Saved run 79618279-20f3-4401-ba06-73e5b3ca015c for strategy open_high_low_v1 (73 trades)
2026-03-22 00:34:59 [INFO] Saved run ce59fbfc-f2c2-4afa-a486-24f41393e1d4 for strategy open_high_low_v1 (73 trades)
2026-03-22 00:34:59 [INFO] Saved run f4f9d41b-12be-4ccb-9610-1d5a2fe82b9a for strategy open_high_low_v1 (73 trades)
2026-03-22 00:34:59 [INFO] Saved run d1b7aadd-3fd8-40ec-979e-2ba46acb76a8 for strategy open_high_low_v1 (73 trades)
/Users/minalgoel/Coding_Projects/engineered_alpha_trading_strategies/pipeline/strategies/vwap_gap_fill_v1.py:139: RuntimeWarning: divide by zero encountered in divide
  (day_open - prev_vwap) / prev_vwap,
2026-03-22 00:35:02 [INFO] Saved run a5586376-9e25-443d-a93a-810ed891f273 for strategy vwap_gap_fill_v1 (4 trades)
/Users/minalgoel/Coding_Projects/engineered_alpha_trading_strategies/pipeline/strategies/vwap_gap_fill_v1.py:139: RuntimeWarning: divide by zero encountered in divide
  (day_open - prev_vwap) / prev_vwap,
2026-03-22 00:35:02 [INFO] Saved run b47d0858-aa4f-417a-a06e-cfb04503f4ae for strategy vwap_zscore_bounce_v1 (6 trades)
2026-03-22 00:35:03 [INFO] Saved run 0ea9085e-a8a3-4cec-b620-997a95682db2 for strategy vwap_rsi_confluence_v1 (4 trades)
2026-03-22 00:35:07 [INFO] Saved run abc96266-245e-4fd1-93b4-8d7e319ebcba for strategy macd_trend_continuation_v71 (5 trades)
2026-03-22 00:35:07 [INFO]   [macd_trend_continuation_v71] Nested CV: 5/12 profitable, passed=False, 600 total Optuna trials
2026-03-22 00:35:11 [INFO] Saved run 7fabf83c-7f48-43dd-80a1-4cb969ed6721 for strategy vwap_gap_fill_v1 (4 trades)
/Users/minalgoel/Coding_Projects/engineered_alpha_trading_strategies/pipeline/strategies/vwap_gap_fill_v1.py:139: RuntimeWarning: divide by zero encountered in divide
  (day_open - prev_vwap) / prev_vwap,
2026-03-22 00:35:13 [INFO] Saved run 86d0a774-6074-4a6e-a66f-929c179349e0 for strategy vwap_rsi_confluence_v1 (3 trades)
2026-03-22 00:35:18 [INFO] Saved run 921d47f3-c92d-4900-a4af-846b0b5fae61 for strategy vwap_rsi_confluence_v1 (6 trades)
2026-03-22 00:35:23 [INFO] Saved run d0ecf196-b2ea-474d-921d-176b680fbb31 for strategy vwap_rsi_confluence_v1 (6 trades)
2026-03-22 00:35:30 [INFO] Saved run fa9882f7-8567-4a9e-be79-34f24233938d for strategy macd_trend_continuation_v71 (83 trades)
2026-03-22 00:35:30 [INFO] Saved run ba48d9dc-ec8a-4fbc-a182-350a619c05d0 for strategy macd_trend_continuation_v71 (88 trades)
2026-03-22 00:35:30 [INFO] Saved run dad54b7d-d96a-4fac-913e-8c06ec521451 for strategy macd_trend_continuation_v71 (73 trades)
2026-03-22 00:35:30 [INFO] Saved run 4c7315cc-d081-4011-beca-ca3bb73520d4 for strategy macd_trend_continuation_v71 (95 trades)
2026-03-22 00:35:30 [INFO] Saved run 2c24bdcb-2e0f-48b3-a704-f88648a72d70 for strategy macd_trend_continuation_v71 (85 trades)
2026-03-22 00:35:30 [INFO] Saved run 74211e25-c32d-4435-b62a-efe12c7150a3 for strategy macd_trend_continuation_v71 (85 trades)
2026-03-22 00:35:31 [INFO] Saved run 62084b59-efea-41fb-8482-b941cb0877b2 for strategy macd_trend_continuation_v71 (85 trades)
2026-03-22 00:35:31 [INFO] Saved run 720d1ad6-7fa9-4b91-9a72-5091ab4042e1 for strategy macd_trend_continuation_v71 (85 trades)
2026-03-22 00:35:33 [INFO] Saved run bff67a44-c675-4e74-9f1b-cbba73b25f3c for strategy vwap_band_squeeze_v1 (6 trades)
/Users/minalgoel/Coding_Projects/engineered_alpha_trading_strategies/pipeline/strategies/vwap_band_squeeze_v1.py:135: RuntimeWarning: divide by zero encountered in divide
  vol_ratio = np.where(vol_sma > 0.0, volume / vol_sma, 0.0)
2026-03-22 00:35:33 [INFO] Saved run f1d405ad-a472-4e82-aa86-d0f7abae7c97 for strategy vwap_rsi_confluence_v1 (6 trades)
2026-03-22 00:35:35 [INFO] Saved run 7a515b4f-7ac1-4511-be18-c6e9a0772f61 for strategy bollinger_mean_reversion_v1 (37 trades)
2026-03-22 00:35:38 [INFO] Saved run 5957e4de-85fd-4623-ad6e-eda4bed9994d for strategy vwap_rsi_confluence_v1 (4 trades)
2026-03-22 00:35:43 [INFO] Saved run bf90a667-10fe-4d0d-99cc-f461df0123fc for strategy vwap_rsi_confluence_v1 (1 trades)
2026-03-22 00:35:47 [INFO] Saved run 7e9fb698-5d9d-4430-9272-24b35b708ef2 for strategy bollinger_mean_reversion_v1 (8 trades)
2026-03-22 00:35:48 [INFO] Saved run 91a73c68-1e57-406d-bc32-69e16f6dfb78 for strategy vwap_mean_reversion_v19 (8 trades)
2026-03-22 00:35:49 [INFO] Saved run 7e496576-8152-4805-bf49-f14f102cb112 for strategy vwap_rsi_confluence_v1 (2 trades)
2026-03-22 00:35:49 [INFO]   [vwap_rsi_confluence_v1] Nested CV: 4/12 profitable, passed=False, 0 total Optuna trials
2026-03-22 00:35:53 [INFO] Saved run 154362ba-1875-412c-a7bb-fc81be622eeb for strategy bollinger_mean_reversion_v1 (4 trades)
2026-03-22 00:35:58 [INFO]   [vwap_gap_fill_v1] Nested CV: 0/12 profitable, passed=False, 0 total Optuna trials
2026-03-22 00:36:02 [INFO] Saved run edefd5d6-8131-4e80-9c8d-bfb7c8c8733c for strategy bollinger_price_action_v1 (8 trades)
2026-03-22 00:36:05 [INFO] Saved run 178c38c3-2978-4d90-aa0e-1550a69845f4 for strategy bollinger_mean_reversion_v1 (8 trades)
2026-03-22 00:36:11 [INFO] Saved run 5c60f95a-6338-4c01-8038-9f235fa4e919 for strategy bollinger_mean_reversion_v1 (5 trades)
2026-03-22 00:36:14 [INFO] Saved run 679ae84f-d3aa-4036-acf8-2b3f5bc55f75 for strategy bollinger_price_action_v1 (8 trades)
2026-03-22 00:36:14 [INFO] Saved run 2c05892e-408d-48be-b5ae-bb2de2aa0c3e for strategy vwap_volume_divergence_v1 (8 trades)
2026-03-22 00:36:21 [INFO] Saved run f11f8453-7fdc-40fb-8df0-af30b499d0cd for strategy vwap_rsi_confluence_v1 (34 trades)
2026-03-22 00:36:21 [INFO] Saved run aa810507-b62e-42c9-b411-663d53394a0e for strategy vwap_rsi_confluence_v1 (48 trades)
2026-03-22 00:36:22 [INFO] Saved run 6480e119-051d-44b3-b714-5e7eb7dc1c4d for strategy vwap_rsi_confluence_v1 (55 trades)
2026-03-22 00:36:22 [INFO] Saved run 216c03a9-1e21-4422-b0cd-5c751c7054e4 for strategy vwap_rsi_confluence_v1 (29 trades)
2026-03-22 00:36:22 [INFO] Saved run 87574d5c-ef1b-45e9-9773-21f4ac46358c for strategy vwap_rsi_confluence_v1 (20 trades)
2026-03-22 00:36:22 [INFO] Saved run 165c61b5-ccd3-4e5f-a550-75f8acac7b32 for strategy vwap_rsi_confluence_v1 (54 trades)
2026-03-22 00:36:22 [INFO] Saved run c3262817-1f73-4bd3-b3d7-cbe85827f156 for strategy vwap_rsi_confluence_v1 (52 trades)
2026-03-22 00:36:22 [INFO] Saved run 5c07a913-709b-46b9-a24b-b82a207db3ba for strategy vwap_rsi_confluence_v1 (0 trades)
2026-03-22 00:36:22 [INFO] Saved run b3bb187f-ae75-4b86-85a4-748a8aa57a4b for strategy vwap_rsi_confluence_v1 (40 trades)
2026-03-22 00:36:23 [INFO] Saved run a01688bd-b24f-4767-8890-64d5fd891ced for strategy vwap_rsi_confluence_v1 (42 trades)
2026-03-22 00:36:23 [INFO] Saved run 57fc848b-d26f-4889-ac3b-5dc4c98ccf76 for strategy vwap_rsi_confluence_v1 (41 trades)
2026-03-22 00:36:23 [INFO] Saved run 610fb0d9-cb0c-439d-9a0f-37bba97d3082 for strategy vwap_rsi_confluence_v1 (41 trades)
2026-03-22 00:36:26 [INFO] Saved run fd5a1f94-bc24-43f8-9cee-70e3e6cf4ede for strategy keltner_channel_reversion_v1 (96 trades)
2026-03-22 00:36:31 [INFO] Saved run 5e1b94ce-ca6c-4fab-87ef-d9dbbeba1cc5 for strategy vix_filtered_index_trend_v126 (6 trades)
2026-03-22 00:36:31 [INFO]   [vix_filtered_index_trend_v126] Nested CV: 6/12 profitable, passed=False, 592 total Optuna trials
2026-03-22 00:36:35 [INFO] Saved run 587ce1c2-9d33-4276-afee-03fad7d07a25 for strategy bollinger_mean_reversion_v1 (5 trades)
2026-03-22 00:36:41 [INFO] Saved run 17492c4f-690c-4bb4-ba23-327cff24ee87 for strategy vwap_slope_trend_v1 (6 trades)
2026-03-22 00:36:42 [INFO] Saved run c2664a91-bcb4-4344-8e7b-9a505356a5fa for strategy bollinger_mean_reversion_v1 (7 trades)
2026-03-22 00:36:48 [INFO]   [bollinger_mean_reversion_v1] Nested CV: 3/12 profitable, passed=False, 0 total Optuna trials
2026-03-22 00:36:50 [INFO] Saved run 1b9318e0-d111-4611-ab15-8b880745fb92 for strategy vix_filtered_index_trend_v126 (72 trades)
2026-03-22 00:36:50 [INFO] Saved run 949b9c50-543a-41e0-9a51-7791801fe511 for strategy vix_filtered_index_trend_v126 (72 trades)
2026-03-22 00:36:50 [INFO] Saved run 33dc1a97-1090-42cd-ad15-25d05aa824e8 for strategy vix_filtered_index_trend_v126 (72 trades)
2026-03-22 00:36:51 [INFO] Saved run 98b4f9e3-c054-459d-b8f2-96845987f5af for strategy vix_filtered_index_trend_v126 (37 trades)
2026-03-22 00:36:51 [INFO] Saved run df9bdc0e-e2f6-411d-98bc-fef690b09da6 for strategy vix_filtered_index_trend_v126 (71 trades)
2026-03-22 00:36:51 [INFO] Saved run 569df1b6-e297-4a47-94db-d218ffa4fd24 for strategy vix_filtered_index_trend_v126 (72 trades)
2026-03-22 00:36:55 [INFO] Saved run e922d9aa-ff75-4d60-a038-95693cbff0c6 for strategy zscore_reversion_v1 (96 trades)
2026-03-22 00:37:08 [INFO] Saved run 67d7e6f8-940f-47d3-bb3d-14aea94b0053 for strategy vwap_zscore_bounce_v1 (6 trades)
2026-03-22 00:37:08 [INFO]   [vwap_zscore_bounce_v1] Nested CV: 9/12 profitable, passed=True, 532 total Optuna trials
2026-03-22 00:37:11 [INFO] Saved run 537a6b86-3afb-4c34-baec-d9fae4d46e89 for strategy bollinger_mean_reversion_v1 (19 trades)
2026-03-22 00:37:12 [INFO] Saved run a164c862-9322-4c9e-be8b-b29a252308d5 for strategy bollinger_mean_reversion_v1 (43 trades)
2026-03-22 00:37:13 [INFO] Saved run 5719274d-783e-4c4d-80cc-3338099cafa0 for strategy bollinger_mean_reversion_v1 (27 trades)
2026-03-22 00:37:13 [INFO]   [bollinger_price_action_v1] Nested CV: 0/12 profitable, passed=False, 0 total Optuna trials
2026-03-22 00:37:13 [INFO] Saved run 92d4b9b6-90b6-486f-b53a-96245a618fc8 for strategy bollinger_mean_reversion_v1 (45 trades)
2026-03-22 00:37:14 [INFO] Saved run 1db913a3-cd5f-4f4a-8940-6c1243fbb6c4 for strategy bollinger_mean_reversion_v1 (37 trades)
2026-03-22 00:37:15 [INFO] Saved run 9185f4d5-c7ce-473a-bc89-e5b9ba1801f7 for strategy bollinger_mean_reversion_v1 (32 trades)
2026-03-22 00:37:15 [INFO] Saved run b9115e69-4c35-44b1-9fa8-0464b04623dc for strategy rsi_extreme_reversion_v1 (15 trades)
2026-03-22 00:37:19 [INFO] Saved run 2701270e-2270-43d5-98ea-7cb234011dfd for strategy deviation_from_ema_v1 (96 trades)
2026-03-22 00:37:21 [INFO] Saved run 967d7e38-4662-4e3f-8742-b545af9c62e5 for strategy rsi_extreme_reversion_v1 (4 trades)
2026-03-22 00:37:31 [INFO] Saved run 0b8e91d6-f444-41d7-b888-462900c2d3b9 for strategy rsi_extreme_reversion_v1 (2 trades)
2026-03-22 00:37:37 [INFO] Saved run e342221a-2f2c-4802-aa18-32624eee6da0 for strategy vwap_zscore_bounce_v1 (72 trades)
2026-03-22 00:37:37 [INFO] Saved run 5e870d4b-7ca4-4812-84ff-e1aae09c9a8c for strategy vwap_zscore_bounce_v1 (72 trades)
2026-03-22 00:37:38 [INFO] Saved run 6f3151e9-fe79-4371-8943-4051a068fee2 for strategy vwap_zscore_bounce_v1 (72 trades)
2026-03-22 00:37:38 [INFO] Saved run d4aa7c48-43da-460c-bf3d-00483e5bfdae for strategy vwap_zscore_bounce_v1 (66 trades)
2026-03-22 00:37:39 [INFO] Saved run 717ea504-ce27-48cf-96b8-7b2e256de3b0 for strategy vwap_zscore_bounce_v1 (72 trades)
2026-03-22 00:37:40 [INFO] Saved run a76638a4-44db-4162-bda8-bd3875c3fc90 for strategy vwap_zscore_bounce_v1 (72 trades)
2026-03-22 00:37:41 [INFO] Saved run 3ded3492-28ff-471b-8709-45c583db1e31 for strategy vwap_zscore_bounce_v1 (72 trades)
2026-03-22 00:37:41 [INFO] Saved run 8da07007-b006-45b3-8d51-0061c6feae8a for strategy vwap_band_squeeze_v1 (6 trades)
2026-03-22 00:37:41 [INFO]   [vwap_band_squeeze_v1] Nested CV: 6/12 profitable, passed=False, 488 total Optuna trials
2026-03-22 00:37:41 [INFO] Saved run 8dfcc586-ba2e-4548-b27c-5acbdbc5bd8e for strategy rsi_extreme_reversion_v1 (1 trades)
2026-03-22 00:37:41 [INFO] Saved run 4cb0e047-d45c-4423-bb15-3d660a3264cc for strategy vwap_zscore_bounce_v1 (72 trades)
/Users/minalgoel/Coding_Projects/engineered_alpha_trading_strategies/pipeline/strategies/vwap_band_squeeze_v1.py:135: RuntimeWarning: divide by zero encountered in divide
  vol_ratio = np.where(vol_sma > 0.0, volume / vol_sma, 0.0)
2026-03-22 00:37:46 [INFO] Saved run aa067631-7966-4cb0-bdc0-8a59c59f4d65 for strategy rsi_extreme_reversion_v1 (1 trades)
2026-03-22 00:37:56 [INFO] Saved run 96d4825d-2351-4b49-aad5-dc9673c99579 for strategy vwap_mean_reversion_v19 (8 trades)
2026-03-22 00:37:56 [INFO]   [vwap_mean_reversion_v19] Nested CV: 6/12 profitable, passed=False, 465 total Optuna trials
2026-03-22 00:37:58 [INFO] Saved run 041f6a55-a08e-4b06-a44e-681f9bc1bbf2 for strategy rsi_extreme_reversion_v1 (6 trades)
2026-03-22 00:38:03 [INFO] Saved run 24508f58-0cbd-4699-b5b7-c1ea82979d27 for strategy rsi_extreme_reversion_v1 (1 trades)
2026-03-22 00:38:12 [INFO]   [rsi_extreme_reversion_v1] Nested CV: 2/12 profitable, passed=False, 0 total Optuna trials
2026-03-22 00:38:16 [INFO] Saved run aa42a013-203f-43a6-9cc3-0b1bef4e722a for strategy vwap_band_squeeze_v1 (66 trades)
/Users/minalgoel/Coding_Projects/engineered_alpha_trading_strategies/pipeline/strategies/vwap_band_squeeze_v1.py:135: RuntimeWarning: divide by zero encountered in divide
  vol_ratio = np.where(vol_sma > 0.0, volume / vol_sma, 0.0)
2026-03-22 00:38:17 [INFO] Saved run 1363d17d-ba83-454f-a087-7bbb7690c2a9 for strategy vwap_band_squeeze_v1 (66 trades)
/Users/minalgoel/Coding_Projects/engineered_alpha_trading_strategies/pipeline/strategies/vwap_band_squeeze_v1.py:135: RuntimeWarning: divide by zero encountered in divide
  vol_ratio = np.where(vol_sma > 0.0, volume / vol_sma, 0.0)
2026-03-22 00:38:17 [INFO] Saved run 0230b09d-b76f-445e-b685-33679d601db7 for strategy vwap_band_squeeze_v1 (66 trades)
/Users/minalgoel/Coding_Projects/engineered_alpha_trading_strategies/pipeline/strategies/vwap_band_squeeze_v1.py:135: RuntimeWarning: divide by zero encountered in divide
  vol_ratio = np.where(vol_sma > 0.0, volume / vol_sma, 0.0)
2026-03-22 00:38:18 [INFO] Saved run a01ef44a-0eba-4450-a029-6a77743e47ec for strategy vwap_band_squeeze_v1 (66 trades)
/Users/minalgoel/Coding_Projects/engineered_alpha_trading_strategies/pipeline/strategies/vwap_band_squeeze_v1.py:135: RuntimeWarning: divide by zero encountered in divide
  vol_ratio = np.where(vol_sma > 0.0, volume / vol_sma, 0.0)
2026-03-22 00:38:19 [INFO] Saved run 87989260-620d-493f-b67d-c27479decc94 for strategy vwap_band_squeeze_v1 (66 trades)
/Users/minalgoel/Coding_Projects/engineered_alpha_trading_strategies/pipeline/strategies/vwap_band_squeeze_v1.py:135: RuntimeWarning: divide by zero encountered in divide
  vol_ratio = np.where(vol_sma > 0.0, volume / vol_sma, 0.0)
2026-03-22 00:38:20 [INFO] Saved run 288d92bb-dfdc-4c8c-a1f5-9f0c902af73e for strategy vwap_band_squeeze_v1 (66 trades)
2026-03-22 00:38:21 [INFO] Saved run 6232659f-5028-489a-97d3-5b4a6ca570ac for strategy vwap_volume_divergence_v1 (8 trades)
/Users/minalgoel/Coding_Projects/engineered_alpha_trading_strategies/pipeline/strategies/vwap_band_squeeze_v1.py:135: RuntimeWarning: divide by zero encountered in divide
  vol_ratio = np.where(vol_sma > 0.0, volume / vol_sma, 0.0)
2026-03-22 00:38:21 [INFO] Saved run 508af6e9-8870-4688-8a40-bbf3606306b6 for strategy vwap_band_squeeze_v1 (66 trades)
/Users/minalgoel/Coding_Projects/engineered_alpha_trading_strategies/pipeline/strategies/vwap_band_squeeze_v1.py:135: RuntimeWarning: divide by zero encountered in divide
  vol_ratio = np.where(vol_sma > 0.0, volume / vol_sma, 0.0)
2026-03-22 00:38:22 [INFO] Saved run 3be5fab1-8512-4635-9d1e-b0a6317ea6be for strategy vwap_band_squeeze_v1 (66 trades)
/Users/minalgoel/Coding_Projects/engineered_alpha_trading_strategies/pipeline/strategies/vwap_band_squeeze_v1.py:135: RuntimeWarning: divide by zero encountered in divide
  vol_ratio = np.where(vol_sma > 0.0, volume / vol_sma, 0.0)
2026-03-22 00:38:22 [INFO] Saved run cbff165f-8382-4176-b1d8-416abe5812be for strategy vwap_band_squeeze_v1 (66 trades)
/Users/minalgoel/Coding_Projects/engineered_alpha_trading_strategies/pipeline/strategies/vwap_band_squeeze_v1.py:135: RuntimeWarning: divide by zero encountered in divide
  vol_ratio = np.where(vol_sma > 0.0, volume / vol_sma, 0.0)
2026-03-22 00:38:23 [INFO] Saved run 9f60ff68-f4be-44d0-a1e3-78cbef7161a4 for strategy vwap_band_squeeze_v1 (66 trades)
2026-03-22 00:38:24 [INFO] Saved run 939e5c73-a864-49a5-8403-c1904e6ff12a for strategy keltner_channel_reversion_v1 (8 trades)
2026-03-22 00:38:32 [INFO] Saved run 63c89648-4f41-4f5f-857e-df0071528e55 for strategy vwap_mean_reversion_v19 (96 trades)
2026-03-22 00:38:33 [INFO] Saved run 34e90800-5433-4267-99d7-3c1ae5880685 for strategy vwap_mean_reversion_v19 (96 trades)
2026-03-22 00:38:34 [INFO] Saved run f80e1d36-bb46-4d0c-bbd3-800e48c414ec for strategy vwap_mean_reversion_v19 (96 trades)
2026-03-22 00:38:35 [INFO] Saved run cb958afe-7ea2-44ea-9450-2868eb2d6cf6 for strategy vwap_mean_reversion_v19 (96 trades)
2026-03-22 00:38:36 [INFO] Saved run cb705e67-8ab1-494c-a6c6-9aa3c061a3ab for strategy rsi_extreme_reversion_v1 (27 trades)
2026-03-22 00:38:36 [INFO] Saved run d6bc84e7-8d06-4f47-a743-5d96352232d4 for strategy rsi_extreme_reversion_v1 (13 trades)
2026-03-22 00:38:36 [INFO] Saved run 4053b72c-4bd7-4a4c-b700-ed13b9002e01 for strategy vwap_mean_reversion_v19 (96 trades)
2026-03-22 00:38:36 [INFO] Saved run e3fae619-8244-4ef8-81b9-7032bb978a03 for strategy rsi_extreme_reversion_v1 (4 trades)
2026-03-22 00:38:36 [INFO] Saved run 9fcccd0c-a95c-4a79-96e9-0396d3cd102e for strategy rsi_extreme_reversion_v1 (34 trades)
2026-03-22 00:38:36 [INFO] Saved run 409a73b9-6e98-4016-a7b7-31d5a8873bf7 for strategy rsi_extreme_reversion_v1 (15 trades)
2026-03-22 00:38:36 [INFO] Saved run 39dc9b37-d90e-4121-a8f7-971c79560716 for strategy rsi_extreme_reversion_v1 (17 trades)
2026-03-22 00:38:37 [INFO] Saved run a2c7285f-1071-413b-b202-8cc7c44b1341 for strategy rsi_extreme_reversion_v1 (12 trades)
2026-03-22 00:38:37 [INFO] Saved run 1f9865fc-0dbf-4e6b-b0a8-05df93e56165 for strategy rsi_extreme_reversion_v1 (21 trades)
2026-03-22 00:38:37 [INFO] Saved run f6a41c24-376e-4fb2-bd6a-774bb8215992 for strategy rsi_extreme_reversion_v1 (22 trades)
2026-03-22 00:38:37 [INFO] Saved run 60650ce0-b035-42d6-a28b-b55fd34b2960 for strategy vwap_mean_reversion_v19 (96 trades)
2026-03-22 00:38:37 [INFO] Saved run b624088e-366d-4669-bb4b-5a9bb8905299 for strategy rsi_extreme_reversion_v1 (0 trades)
2026-03-22 00:38:38 [INFO] Saved run b8220f82-7179-4e76-9afa-4dfbe1224b81 for strategy vwap_mean_reversion_v19 (96 trades)
2026-03-22 00:38:39 [INFO] Saved run 08f535fe-34ce-4b6a-a3cb-919953d2ccf1 for strategy vwap_mean_reversion_v19 (96 trades)
2026-03-22 00:38:40 [INFO] Saved run 7954d83f-d37f-415a-b8dc-27b5911cbc47 for strategy vwap_mean_reversion_v19 (96 trades)
2026-03-22 00:38:41 [INFO] Saved run b7eafc59-4b49-4ba8-b73b-8fb69aee27c7 for strategy vwap_mean_reversion_v19 (96 trades)
2026-03-22 00:38:47 [INFO] Saved run 651ff5e9-5b02-4999-8116-418d1cddfe11 for strategy vwap_slope_trend_v1 (6 trades)
2026-03-22 00:38:47 [INFO]   [vwap_slope_trend_v1] Nested CV: 4/12 profitable, passed=False, 478 total Optuna trials
2026-03-22 00:38:59 [INFO] Saved run 56cac611-e430-4054-93d8-63d44c1d8ac8 for strategy zscore_reversion_v1 (7 trades)
2026-03-22 00:39:01 [INFO] Saved run ea746d83-df7b-4139-97c5-5ce2162d3ae0 for strategy vwap_slope_trend_v1 (70 trades)
2026-03-22 00:39:02 [INFO] Saved run 76d33f97-0d78-4d25-9224-b81e98b1757a for strategy vwap_slope_trend_v1 (72 trades)
2026-03-22 00:39:03 [INFO] Saved run 345984c8-3dae-4a4b-b0d7-a6d3e4e38609 for strategy vwap_slope_trend_v1 (72 trades)
2026-03-22 00:39:04 [INFO] Saved run 99fb0ed0-fa6d-43f7-a935-e755dd3a756f for strategy vwap_slope_trend_v1 (72 trades)
2026-03-22 00:39:04 [INFO] Saved run 73c83c11-99f2-433b-8397-78af21769b51 for strategy vwap_slope_trend_v1 (72 trades)
2026-03-22 00:39:05 [INFO] Saved run 72ef5e22-cbcb-4913-88f4-006829ce3b34 for strategy vwap_slope_trend_v1 (72 trades)
2026-03-22 00:39:12 [INFO] Saved run 23e34cb0-a0e0-4bbe-b95f-938f023b16ae for strategy deviation_from_ema_v1 (8 trades)
2026-03-22 00:39:26 [INFO] Saved run 4dc05008-3d1f-473e-8298-bd373fea9ba6 for strategy keltner_channel_reversion_v1 (8 trades)
2026-03-22 00:39:49 [INFO] Saved run b1db5ede-3a42-4302-8135-b5833be3b608 for strategy vwap_volume_divergence_v1 (8 trades)
2026-03-22 00:40:17 [INFO] Saved run dd5f3e99-a556-4645-884a-7d8d600e29dd for strategy zscore_reversion_v1 (5 trades)
2026-03-22 00:40:21 [INFO] Saved run 7894545a-0409-425b-a0d0-473e31c402fa for strategy keltner_channel_reversion_v1 (8 trades)
2026-03-22 00:40:30 [INFO] Saved run 2352e2a6-240f-4989-aa30-e1a3ff50b75e for strategy deviation_from_ema_v1 (8 trades)
2026-03-22 00:41:07 [INFO] Saved run 0ba78f8c-2725-4d3e-af1b-84164671d999 for strategy vwap_volume_divergence_v1 (8 trades)
2026-03-22 00:41:13 [INFO] Saved run d826d50e-796b-44ca-a3d6-3b9de4c1342a for strategy keltner_channel_reversion_v1 (8 trades)
2026-03-22 00:41:32 [INFO] Saved run 29e1c01a-5c21-4132-9579-97cb8fb9e367 for strategy zscore_reversion_v1 (5 trades)
2026-03-22 00:41:45 [INFO] Saved run 56a24cbd-0bf8-43b4-840e-1b6e5bff6165 for strategy deviation_from_ema_v1 (8 trades)
2026-03-22 00:42:07 [INFO] Saved run d271bec6-8bea-42ca-94a5-09d765f50f3f for strategy keltner_channel_reversion_v1 (8 trades)
2026-03-22 00:42:26 [INFO] Saved run a11d4771-d7e4-406e-b358-df5f90a142aa for strategy vwap_volume_divergence_v1 (8 trades)
2026-03-22 00:42:47 [INFO] Saved run 7a51d068-a0a2-4669-9fe0-25ecd764b06b for strategy zscore_reversion_v1 (7 trades)
2026-03-22 00:42:59 [INFO] Saved run e1037874-e904-4d3d-8285-8e20370ff6a4 for strategy keltner_channel_reversion_v1 (8 trades)
2026-03-22 00:43:00 [INFO] Saved run 6ac6ba55-4c39-4495-837f-ef5abf6b962e for strategy deviation_from_ema_v1 (8 trades)
2026-03-22 00:43:46 [INFO] Saved run bec3816a-9ab3-4f8a-87e9-663446f97194 for strategy vwap_volume_divergence_v1 (8 trades)
2026-03-22 00:43:53 [INFO] Saved run 00b32141-fa6d-4373-87ec-54bc1fa50649 for strategy keltner_channel_reversion_v1 (8 trades)
2026-03-22 00:44:03 [INFO] Saved run 1b31b529-38b9-4ac2-a521-14d329d77729 for strategy zscore_reversion_v1 (8 trades)
2026-03-22 00:44:17 [INFO] Saved run 95755bde-1c72-451e-8070-f411da54afba for strategy deviation_from_ema_v1 (8 trades)
2026-03-22 00:44:46 [INFO] Saved run 5917c7bd-2560-4fb2-8732-15606392d4f3 for strategy keltner_channel_reversion_v1 (8 trades)
2026-03-22 00:45:05 [INFO] Saved run ca90fc8f-a9ce-4ad4-bdf2-bf48d00e0b49 for strategy vwap_volume_divergence_v1 (8 trades)
2026-03-22 00:45:05 [INFO]   [vwap_volume_divergence_v1] Nested CV: 1/12 profitable, passed=False, 535 total Optuna trials
2026-03-22 00:45:17 [INFO] Saved run 4db10fc7-c890-483a-8c18-6943a6c4530b for strategy zscore_reversion_v1 (6 trades)
2026-03-22 00:45:20 [INFO] Saved run a02846ef-42e3-4bf8-ab83-05e7518b0c30 for strategy vwap_volume_divergence_v1 (96 trades)
2026-03-22 00:45:21 [INFO] Saved run ca4d767f-bd6d-491c-934c-d1fc70da03d7 for strategy vwap_volume_divergence_v1 (96 trades)
2026-03-22 00:45:22 [INFO] Saved run 542aed20-af7a-4f9c-8a9c-3f8e8d320de0 for strategy vwap_volume_divergence_v1 (96 trades)
2026-03-22 00:45:22 [INFO] Saved run 44e2e422-dac7-4785-a2f9-832c34b123bc for strategy vwap_volume_divergence_v1 (96 trades)
2026-03-22 00:45:23 [INFO] Saved run ce1572b9-a7c4-44c7-a5f8-7e383afebe39 for strategy vwap_volume_divergence_v1 (96 trades)
2026-03-22 00:45:24 [INFO] Saved run 81b671c5-f0f8-4d9f-bbb2-db5212cf4385 for strategy vwap_volume_divergence_v1 (96 trades)
2026-03-22 00:45:24 [INFO] Saved run faf7e1ff-4a1b-42aa-96ba-dad7e36c169a for strategy vwap_volume_divergence_v1 (96 trades)
2026-03-22 00:45:25 [INFO] Saved run 82242afb-0468-4300-a847-05781ca58de6 for strategy vwap_volume_divergence_v1 (96 trades)
2026-03-22 00:45:31 [INFO] Saved run bc9d8c72-48ae-4b65-a327-23dcf88f7b5c for strategy deviation_from_ema_v1 (8 trades)
2026-03-22 00:45:37 [INFO] Saved run 044d5307-a0a4-49a8-bf37-b8f8c7a9b5e1 for strategy keltner_channel_reversion_v1 (8 trades)
2026-03-22 00:46:27 [INFO] Saved run 58dcd160-09e8-4de1-86c8-d72b09783e57 for strategy keltner_channel_reversion_v1 (8 trades)
2026-03-22 00:46:31 [INFO] Saved run bd1f15b8-546e-4021-9219-4ee9045a3b08 for strategy zscore_reversion_v1 (8 trades)
2026-03-22 00:46:45 [INFO] Saved run 49ed7639-fa52-4cdc-a2ff-59a991a7300b for strategy deviation_from_ema_v1 (8 trades)
2026-03-22 00:47:19 [INFO] Saved run 38270a4f-c727-451e-8398-c9b4515bcef1 for strategy keltner_channel_reversion_v1 (8 trades)
2026-03-22 00:47:43 [INFO] Saved run 7763ec95-00f7-4f22-9817-36c04edb8c5d for strategy zscore_reversion_v1 (7 trades)
2026-03-22 00:47:58 [INFO] Saved run 4ab75af5-5036-4fef-8e37-188c81fab6fc for strategy deviation_from_ema_v1 (8 trades)
2026-03-22 00:48:09 [INFO] Saved run 7dd01cfb-f44e-457e-9851-1655f8194080 for strategy keltner_channel_reversion_v1 (8 trades)
2026-03-22 00:48:09 [INFO]   [keltner_channel_reversion_v1] Nested CV: 5/12 profitable, passed=False, 600 total Optuna trials
2026-03-22 00:48:20 [INFO] Saved run c89ff9a9-93fe-47a0-940f-61b22973aa25 for strategy keltner_channel_reversion_v1 (96 trades)
2026-03-22 00:48:20 [INFO] Saved run 17fbd3db-49d9-4075-8e45-e23cc867e14f for strategy keltner_channel_reversion_v1 (96 trades)
2026-03-22 00:48:20 [INFO] Saved run 1350dd00-20b2-46ed-b3b9-47285ff9035b for strategy keltner_channel_reversion_v1 (96 trades)
2026-03-22 00:48:21 [INFO] Saved run 61c88079-1e7b-48d6-9e32-3a19e25c08ea for strategy keltner_channel_reversion_v1 (96 trades)
2026-03-22 00:48:21 [INFO] Saved run 13a5be12-72b6-400c-ae57-6b123bb18037 for strategy keltner_channel_reversion_v1 (96 trades)
2026-03-22 00:48:21 [INFO] Saved run c9416463-4057-4b85-bdae-a3cbee427270 for strategy keltner_channel_reversion_v1 (96 trades)
2026-03-22 00:48:21 [INFO] Saved run a7f52714-bc7c-4d2f-8381-7db4fb28473a for strategy keltner_channel_reversion_v1 (96 trades)
2026-03-22 00:48:21 [INFO] Saved run 88df708c-6bbe-4d32-bd57-c7064d42e01b for strategy keltner_channel_reversion_v1 (96 trades)
2026-03-22 00:48:21 [INFO] Saved run 7a6a6deb-1a6c-41e9-8921-822253171db6 for strategy keltner_channel_reversion_v1 (96 trades)
2026-03-22 00:48:21 [INFO] Saved run 43c7917c-d43c-4867-9607-c7be4bbc8e7a for strategy keltner_channel_reversion_v1 (96 trades)
2026-03-22 00:48:54 [INFO] Saved run 60685695-9c9e-4b31-b5ae-cb68045a3540 for strategy zscore_reversion_v1 (5 trades)
2026-03-22 00:49:09 [INFO] Saved run 3c14d593-8bbc-4f72-93f9-62073a9cef13 for strategy deviation_from_ema_v1 (8 trades)
2026-03-22 00:50:04 [INFO] Saved run 46bdaf5b-cb78-45c2-9a90-ab71c7267709 for strategy zscore_reversion_v1 (1 trades)
2026-03-22 00:50:20 [INFO] Saved run a33d4926-f011-4779-952e-4a2f2be27fc5 for strategy deviation_from_ema_v1 (8 trades)
2026-03-22 00:51:16 [INFO] Saved run e5d02890-f8cd-464b-a070-b9c1119fcbd8 for strategy zscore_reversion_v1 (4 trades)
2026-03-22 00:51:33 [INFO] Saved run cab0c73e-01c7-4711-9be7-f1129cd04ed9 for strategy deviation_from_ema_v1 (8 trades)
2026-03-22 00:52:26 [INFO] Saved run 1265cf71-e846-4792-88c1-46cf8a1f933c for strategy zscore_reversion_v1 (8 trades)
2026-03-22 00:52:26 [INFO]   [zscore_reversion_v1] Nested CV: 8/12 profitable, passed=False, 600 total Optuna trials
2026-03-22 00:52:40 [INFO] Saved run ead4cc37-a539-49de-addc-fd037f9169ed for strategy zscore_reversion_v1 (67 trades)
2026-03-22 00:52:41 [INFO] Saved run 820fd129-59d4-47aa-8c71-073878aeb25f for strategy zscore_reversion_v1 (96 trades)
2026-03-22 00:52:41 [INFO] Saved run 9925c9dc-86d2-46b7-9767-a1e743075a8d for strategy zscore_reversion_v1 (69 trades)
2026-03-22 00:52:42 [INFO] Saved run 175f1914-e70a-4d6a-84f0-e6634bf6b939 for strategy zscore_reversion_v1 (37 trades)
2026-03-22 00:52:42 [INFO] Saved run 9fbd4e6c-b9d3-440e-85a1-f2c076cce746 for strategy zscore_reversion_v1 (67 trades)
2026-03-22 00:52:43 [INFO] Saved run 7a07a58a-d742-4072-bcfb-8b0b9c55b488 for strategy zscore_reversion_v1 (70 trades)
2026-03-22 00:52:43 [INFO] Saved run 92e33e7c-8904-4b58-ad43-5344d6332492 for strategy deviation_from_ema_v1 (8 trades)
2026-03-22 00:52:43 [INFO]   [deviation_from_ema_v1] Nested CV: 1/12 profitable, passed=False, 600 total Optuna trials
2026-03-22 00:52:44 [INFO] Saved run efac6d14-70e5-4e16-80e6-ef82e14cc8ce for strategy zscore_reversion_v1 (68 trades)
2026-03-22 00:52:44 [INFO] Saved run 4d889979-1469-40c0-a829-3ac670f75555 for strategy zscore_reversion_v1 (69 trades)
2026-03-22 00:52:54 [INFO] Saved run 69e90a50-066b-49a5-b228-0d300989e4d9 for strategy deviation_from_ema_v1 (96 trades)
2026-03-22 00:52:54 [INFO] Saved run 41275a72-cabc-44da-acbd-ad00ed6d53b8 for strategy deviation_from_ema_v1 (96 trades)
2026-03-22 00:52:55 [INFO] Saved run 12e6e25f-5392-46e0-9a5b-d845b64474e5 for strategy deviation_from_ema_v1 (96 trades)
2026-03-22 00:52:55 [INFO] Saved run 312e7cdb-1d47-44a5-a9fc-e34024780a71 for strategy deviation_from_ema_v1 (96 trades)
2026-03-22 00:52:56 [INFO] Saved run 5244dc56-127c-429b-98a1-fa0039050b15 for strategy deviation_from_ema_v1 (96 trades)
2026-03-22 00:52:56 [INFO] Saved run 1a2ebd20-bcc8-4f87-9e8f-c1caf4942145 for strategy deviation_from_ema_v1 (96 trades)
